[    0.000000] Initializing cgroup subsys cpuset
[    0.000000] Initializing cgroup subsys cpu
[    0.000000] Initializing cgroup subsys cpuacct
[    0.000000] Linux version 4.4.0-177-generic (buildd@lgw01-amd64-035) (gcc version 5.4.0 20160609 (Ubuntu 5.4.0-6ubuntu1~16.04.12) ) #207-Ubuntu SMP Mon Mar 16 01:16:10 UTC 2020 (Ubuntu 4.4.0-177.207-generic 4.4.214)
[    0.000000] Command line: BOOT_IMAGE=/boot/vmlinuz-4.4.0-177-generic root=LABEL=cloudimg-rootfs ro console=tty1 console=ttyS0
[    0.000000] KERNEL supported cpus:
[    0.000000]   Intel GenuineIntel
[    0.000000]   AMD AuthenticAMD
[    0.000000]   Centaur CentaurHauls
[    0.000000] ------------[ cut here ]------------
[    0.000000] WARNING: CPU: 0 PID: 0 at /build/linux-OV4ZPD/linux-4.4.0/arch/x86/kernel/fpu/xstate.c:517 fpu__init_system_xstate+0x37e/0x764()
[    0.000000] XSAVE consistency problem, dumping leaves
[    0.000000] Modules linked in:
[    0.000000] CPU: 0 PID: 0 Comm: swapper Not tainted 4.4.0-177-generic #207-Ubuntu
[    0.000000]  0000000000000086 ad6a965cbe71e4d8 ffffffff81e03d80 ffffffff8140d35b
[    0.000000]  ffffffff81e03dc8 ffffffff81cb3350 ffffffff81e03db8 ffffffff810864a2
[    0.000000]  0000000000000008 0000000000000340 0000000000000100 ffffffff81e03e4c
[    0.000000] Call Trace:
[    0.000000]  [<ffffffff8140d35b>] dump_stack+0x6d/0x92
[    0.000000]  [<ffffffff810864a2>] warn_slowpath_common+0x82/0xc0
[    0.000000]  [<ffffffff8108653c>] warn_slowpath_fmt+0x5c/0x80
[    0.000000]  [<ffffffff81081f96>] ? xfeature_size+0x59/0x77
[    0.000000]  [<ffffffff81f783f1>] fpu__init_system_xstate+0x37e/0x764
[    0.000000]  [<ffffffff81f68120>] ? early_idt_handler_array+0x120/0x120
[    0.000000]  [<ffffffff81f77dfa>] fpu__init_system+0x1e7/0x28e
[    0.000000]  [<ffffffff81f790a6>] early_cpu_init+0x2b6/0x2bb
[    0.000000]  [<ffffffff81f790a6>] ? early_cpu_init+0x2b6/0x2bb
[    0.000000]  [<ffffffff81f7439d>] setup_arch+0xc0/0xd1f
[    0.000000]  [<ffffffff81f68120>] ? early_idt_handler_array+0x120/0x120
[    0.000000]  [<ffffffff81f68c16>] start_kernel+0xe2/0x4a4
[    0.000000]  [<ffffffff81f68120>] ? early_idt_handler_array+0x120/0x120
[    0.000000]  [<ffffffff81f682da>] x86_64_start_reservations+0x2a/0x2c
[    0.000000]  [<ffffffff81f68426>] x86_64_start_kernel+0x14a/0x16d
[    0.000000] ---[ end trace 4d5ff9f2f68c4233 ]---
[    0.000000] CPUID[0d, 00]: eax=00000007 ebx=00000a80 ecx=00000a80 edx=00000000
[    0.000000] CPUID[0d, 01]: eax=00000000 ebx=00000a00 ecx=00000000 edx=00000000
[    0.000000] CPUID[0d, 02]: eax=00000100 ebx=00000240 ecx=00000000 edx=00000000
[    0.000000] CPUID[0d, 03]: eax=00000000 ebx=00000000 ecx=00000000 edx=00000000
[    0.000000] CPUID[0d, 04]: eax=00000000 ebx=00000000 ecx=00000000 edx=00000000
[    0.000000] CPUID[0d, 05]: eax=00000000 ebx=00000000 ecx=00000000 edx=00000000
[    0.000000] CPUID[0d, 06]: eax=00000000 ebx=00000000 ecx=00000000 edx=00000000
[    0.000000] CPUID[0d, 07]: eax=00000000 ebx=00000000 ecx=00000000 edx=00000000
[    0.000000] CPUID[0d, 08]: eax=00000000 ebx=00000000 ecx=00000000 edx=00000000
[    0.000000] CPUID[0d, 09]: eax=00000000 ebx=00000000 ecx=00000000 edx=00000000
[    0.000000] CPUID[0d, 0a]: eax=00000000 ebx=00000000 ecx=00000000 edx=00000000
[    0.000000] CPUID[0d, 0b]: eax=00000000 ebx=00000000 ecx=00000000 edx=00000000
[    0.000000] CPUID[0d, 0c]: eax=00000000 ebx=00000000 ecx=00000000 edx=00000000
[    0.000000] CPUID[0d, 0d]: eax=00000000 ebx=00000000 ecx=00000000 edx=00000000
[    0.000000] CPUID[0d, 0e]: eax=00000000 ebx=00000000 ecx=00000000 edx=00000000
[    0.000000] CPUID[0d, 0f]: eax=00000000 ebx=00000000 ecx=00000000 edx=00000000
[    0.000000] CPUID[0d, 10]: eax=00000000 ebx=00000000 ecx=00000000 edx=00000000
[    0.000000] CPUID[0d, 11]: eax=00000000 ebx=00000000 ecx=00000000 edx=00000000
[    0.000000] x86/fpu: xstate_offset[2]:  576, xstate_sizes[2]:  256
[    0.000000] x86/fpu: Supporting XSAVE feature 0x01: 'x87 floating point registers'
[    0.000000] x86/fpu: Supporting XSAVE feature 0x02: 'SSE registers'
[    0.000000] x86/fpu: Supporting XSAVE feature 0x04: 'AVX registers'
[    0.000000] x86/fpu: Enabled xstate features 0x7, context size is 2688 bytes, using 'standard' format.
[    0.000000] e820: BIOS-provided physical RAM map:
[    0.000000] BIOS-e820: [mem 0x0000000000000000-0x000000000009fbff] usable
[    0.000000] BIOS-e820: [mem 0x000000000009fc00-0x000000000009ffff] reserved
[    0.000000] BIOS-e820: [mem 0x00000000000f0000-0x00000000000fffff] reserved
[    0.000000] BIOS-e820: [mem 0x0000000000100000-0x000000001ffeffff] usable
[    0.000000] BIOS-e820: [mem 0x000000001fff0000-0x000000001fffffff] ACPI data
[    0.000000] BIOS-e820: [mem 0x00000000fec00000-0x00000000fec00fff] reserved
[    0.000000] BIOS-e820: [mem 0x00000000fee00000-0x00000000fee00fff] reserved
[    0.000000] BIOS-e820: [mem 0x00000000fffc0000-0x00000000ffffffff] reserved
[    0.000000] NX (Execute Disable) protection: active
[    0.000000] SMBIOS 2.5 present.
[    0.000000] Hypervisor detected: KVM
[    0.000000] e820: last_pfn = 0x1fff0 max_arch_pfn = 0x400000000
[    0.000000] MTRR: Disabled
[    0.000000] x86/PAT: MTRRs disabled, skipping PAT initialization too.
[    0.000000] CPU MTRRs all blank - virtualized system.
[    0.000000] x86/PAT: Configuration [0-7]: WB  WT  UC- UC  WB  WT  UC- UC  
[    0.000000] found SMP MP-table at [mem 0x0009fff0-0x0009ffff] mapped at [ffff88000009fff0]
[    0.000000] Scanning 1 areas for low memory corruption
[    0.000000] RAMDISK: [mem 0x1e8a3000-0x1f729fff]
[    0.000000] ACPI: Early table checksum verification disabled
[    0.000000] ACPI: RSDP 0x00000000000E0000 000024 (v02 VBOX  )
[    0.000000] ACPI: XSDT 0x000000001FFF0030 00003C (v01 VBOX   VBOXXSDT 00000001 ASL  00000061)
[    0.000000] ACPI: FACP 0x000000001FFF00F0 0000F4 (v04 VBOX   VBOXFACP 00000001 ASL  00000061)
[    0.000000] ACPI: DSDT 0x000000001FFF0470 0021FF (v02 VBOX   VBOXBIOS 00000002 INTL 20160108)
[    0.000000] ACPI: FACS 0x000000001FFF0200 000040
[    0.000000] ACPI: FACS 0x000000001FFF0200 000040
[    0.000000] ACPI: APIC 0x000000001FFF0240 00005C (v02 VBOX   VBOXAPIC 00000001 ASL  00000061)
[    0.000000] ACPI: SSDT 0x000000001FFF02A0 0001CC (v01 VBOX   VBOXCPUT 00000002 INTL 20160108)
[    0.000000] No NUMA configuration found
[    0.000000] Faking a node at [mem 0x0000000000000000-0x000000001ffeffff]
[    0.000000] NODE_DATA(0) allocated [mem 0x1ffeb000-0x1ffeffff]
[    0.000000] kvm-clock: Using msrs 4b564d01 and 4b564d00
[    0.000000] kvm-clock: cpu 0, msr 0:1ffe3001, primary cpu clock
[    0.000000] kvm-clock: using sched offset of 6289977812 cycles
[    0.000000] clocksource: kvm-clock: mask: 0xffffffffffffffff max_cycles: 0x1cd42e4dffb, max_idle_ns: 881590591483 ns
[    0.000000] Zone ranges:
[    0.000000]   DMA      [mem 0x0000000000001000-0x0000000000ffffff]
[    0.000000]   DMA32    [mem 0x0000000001000000-0x000000001ffeffff]
[    0.000000]   Normal   empty
[    0.000000]   Device   empty
[    0.000000] Movable zone start for each node
[    0.000000] Early memory node ranges
[    0.000000]   node   0: [mem 0x0000000000001000-0x000000000009efff]
[    0.000000]   node   0: [mem 0x0000000000100000-0x000000001ffeffff]
[    0.000000] Initmem setup node 0 [mem 0x0000000000001000-0x000000001ffeffff]
[    0.000000] ACPI: PM-Timer IO Port: 0x4008
[    0.000000] IOAPIC[0]: apic_id 2, version 32, address 0xfec00000, GSI 0-23
[    0.000000] ACPI: INT_SRC_OVR (bus 0 bus_irq 0 global_irq 2 dfl dfl)
[    0.000000] ACPI: INT_SRC_OVR (bus 0 bus_irq 9 global_irq 9 high level)
[    0.000000] Using ACPI (MADT) for SMP configuration information
[    0.000000] smpboot: Allowing 2 CPUs, 0 hotplug CPUs
[    0.000000] PM: Registered nosave memory: [mem 0x00000000-0x00000fff]
[    0.000000] PM: Registered nosave memory: [mem 0x0009f000-0x0009ffff]
[    0.000000] PM: Registered nosave memory: [mem 0x000a0000-0x000effff]
[    0.000000] PM: Registered nosave memory: [mem 0x000f0000-0x000fffff]
[    0.000000] e820: [mem 0x20000000-0xfebfffff] available for PCI devices
[    0.000000] Booting paravirtualized kernel on KVM
[    0.000000] clocksource: refined-jiffies: mask: 0xffffffff max_cycles: 0xffffffff, max_idle_ns: 7645519600211568 ns
[    0.000000] setup_percpu: NR_CPUS:512 nr_cpumask_bits:512 nr_cpu_ids:2 nr_node_ids:1
[    0.000000] PERCPU: Embedded 33 pages/cpu @ffff88001fc00000 s95448 r8192 d31528 u1048576
[    0.000000] Built 1 zonelists in Node order, mobility grouping on.  Total pages: 128888
[    0.000000] Policy zone: DMA32
[    0.000000] Kernel command line: BOOT_IMAGE=/boot/vmlinuz-4.4.0-177-generic root=LABEL=cloudimg-rootfs ro console=tty1 console=ttyS0
[    0.000000] PID hash table entries: 2048 (order: 2, 16384 bytes)
[    0.000000] Memory: 481596K/523832K available (8626K kernel code, 1336K rwdata, 4036K rodata, 1488K init, 1292K bss, 42236K reserved, 0K cma-reserved)
[    0.000000] SLUB: HWalign=64, Order=0-3, MinObjects=0, CPUs=2, Nodes=1
[    0.000000] Kernel/User page tables isolation: enabled
[    0.000000] Hierarchical RCU implementation.
[    0.000000] 	Build-time adjustment of leaf fanout to 64.
[    0.000000] 	RCU restricting CPUs from NR_CPUS=512 to nr_cpu_ids=2.
[    0.000000] RCU: Adjusting geometry for rcu_fanout_leaf=64, nr_cpu_ids=2
[    0.000000] NR_IRQS:33024 nr_irqs:440 16
[    0.000000] Console: colour VGA+ 80x25
[    0.000000] console [tty1] enabled
[    0.000000] console [ttyS0] enabled
[    0.000000] tsc: Detected 3696.030 MHz processor
[    1.239964] Calibrating delay loop (skipped) preset value.. 7392.06 BogoMIPS (lpj=14784120)
[    1.249967] pid_max: default: 32768 minimum: 301
[    1.255373] ACPI: Core revision 20150930
[    1.260807] ACPI: 2 ACPI AML tables successfully acquired and loaded
[    1.268609] Security Framework initialized
[    1.273549] Yama: becoming mindful.
[    1.279141] AppArmor: AppArmor initialized
[    1.288627] Dentry cache hash table entries: 65536 (order: 7, 524288 bytes)
[    1.298185] Inode-cache hash table entries: 32768 (order: 6, 262144 bytes)
[    1.305586] Mount-cache hash table entries: 1024 (order: 1, 8192 bytes)
[    1.319272] Mountpoint-cache hash table entries: 1024 (order: 1, 8192 bytes)
[    1.332530] Initializing cgroup subsys io
[    1.346708] Initializing cgroup subsys memory
[    1.355280] Initializing cgroup subsys devices
[    1.362485] Initializing cgroup subsys freezer
[    1.368533] Initializing cgroup subsys net_cls
[    1.373891] Initializing cgroup subsys perf_event
[    1.380501] Initializing cgroup subsys net_prio
[    1.385839] Initializing cgroup subsys hugetlb
[    1.396637] Initializing cgroup subsys pids
[    1.406888] mce: CPU supports 0 MCE banks
[    1.413018] Last level iTLB entries: 4KB 64, 2MB 8, 4MB 8
[    1.420302] Last level dTLB entries: 4KB 64, 2MB 0, 4MB 0, 1GB 4
[    1.428793] Spectre V1 : Mitigation: usercopy/swapgs barriers and __user pointer sanitization
[    1.439530] Spectre V2 : Mitigation: Full generic retpoline
[    1.445627] Spectre V2 : Spectre v2 / SpectreRSB mitigation: Filling RSB on context switch
[    1.504914] Speculative Store Bypass: Vulnerable
[    1.517444] MDS: Vulnerable: Clear CPU buffers attempted, no microcode
[    1.542934] Freeing SMP alternatives memory: 36K
[    1.584522] ftrace: allocating 32304 entries in 127 pages
[    1.875843] smpboot: APIC(0) Converting physical 0 to logical package 0
[    1.884999] smpboot: Max logical packages: 1
[    1.893460] x2apic enabled
[    1.899993] Switched APIC routing to physical x2apic.
[    1.914725] ..TIMER: vector=0x30 apic1=0 pin1=2 apic2=-1 pin2=-1
[    2.030912] smpboot: CPU0: Intel(R) Xeon(R) W-2145 CPU @ 3.70GHz (family: 0x6, model: 0x55, stepping: 0x4)
[    2.043519] Performance Events: unsupported p6 CPU model 85 no PMU driver, software events only.
[    2.094476] KVM setup paravirtual spinlock
[    2.100537] x86: Booting SMP configuration:
[    2.106341] .... node  #0, CPUs:      #1
[    2.113153] kvm-clock: cpu 1, msr 0:1ffe3041, secondary cpu clock
[    2.128958] mce: CPU supports 0 MCE banks
[    2.136395] x86: Booted up 1 node, 2 CPUs
[    2.141932] smpboot: Total of 2 processors activated (14784.12 BogoMIPS)
[    2.151010] devtmpfs: initialized
[    2.156603] evm: security.selinux
[    2.162190] evm: security.SMACK64
[    2.167624] evm: security.SMACK64EXEC
[    2.173420] evm: security.SMACK64TRANSMUTE
[    2.179615] evm: security.SMACK64MMAP
[    2.184893] evm: security.ima
[    2.188602] evm: security.capability
[    2.193338] clocksource: jiffies: mask: 0xffffffff max_cycles: 0xffffffff, max_idle_ns: 7645041785100000 ns
[    2.203361] futex hash table entries: 512 (order: 3, 32768 bytes)
[    2.210065] pinctrl core: initialized pinctrl subsystem
[    2.215771] RTC time: 12:38:47, date: 04/13/20
[    2.221119] NET: Registered protocol family 16
[    2.236539] cpuidle: using governor ladder
[    2.252919] cpuidle: using governor menu
[    2.260974] PCCT header not found.
[    2.267483] ACPI: bus type PCI registered
[    2.274000] acpiphp: ACPI Hot Plug PCI Controller Driver version: 0.5
[    2.283317] PCI: Using configuration type 1 for base access
[    2.302852] ACPI: Added _OSI(Module Device)
[    2.309392] ACPI: Added _OSI(Processor Device)
[    2.316214] ACPI: Added _OSI(3.0 _SCP Extensions)
[    2.323512] ACPI: Added _OSI(Processor Aggregator Device)
[    2.333426] ACPI: Executed 1 blocks of module-level executable AML code
[    2.347756] ACPI: Interpreter enabled
[    2.353670] ACPI: (supports S0 S5)
[    2.359310] ACPI: Using IOAPIC for interrupt routing
[    2.367020] PCI: Using host bridge windows from ACPI; if necessary, use "pci=nocrs" and report a bug
[    2.389365] ACPI: PCI Root Bridge [PCI0] (domain 0000 [bus 00-ff])
[    2.397944] acpi PNP0A03:00: _OSC: OS supports [ASPM ClockPM Segments MSI]
[    2.407314] acpi PNP0A03:00: _OSC: not requesting OS control; OS requires [ExtendedConfig ASPM ClockPM MSI]
[    2.421093] acpi PNP0A03:00: fail to add MMCONFIG information, can't access extended PCI configuration space under this bridge.
[    2.435835] PCI host bridge to bus 0000:00
[    2.440961] pci_bus 0000:00: root bus resource [io  0x0000-0x0cf7 window]
[    2.448495] pci_bus 0000:00: root bus resource [io  0x0d00-0xffff window]
[    2.457132] pci_bus 0000:00: root bus resource [mem 0x000a0000-0x000bffff window]
[    2.467766] pci_bus 0000:00: root bus resource [mem 0x20000000-0xffdfffff window]
[    2.477326] pci_bus 0000:00: root bus resource [bus 00-ff]
[    2.495507] pci 0000:00:01.1: legacy IDE quirk: reg 0x10: [io  0x01f0-0x01f7]
[    2.503877] pci 0000:00:01.1: legacy IDE quirk: reg 0x14: [io  0x03f6]
[    2.511639] pci 0000:00:01.1: legacy IDE quirk: reg 0x18: [io  0x0170-0x0177]
[    2.521050] pci 0000:00:01.1: legacy IDE quirk: reg 0x1c: [io  0x0376]
[    2.640018] pci 0000:00:07.0: quirk: [io  0x4000-0x403f] claimed by PIIX4 ACPI
[    2.648656] pci 0000:00:07.0: quirk: [io  0x4100-0x410f] claimed by PIIX4 SMB
[    2.753518] ACPI: PCI Interrupt Link [LNKA] (IRQs 5 9 10 *11)
[    2.767277] ACPI: PCI Interrupt Link [LNKB] (IRQs 5 9 10 *11)
[    2.780001] ACPI: PCI Interrupt Link [LNKC] (IRQs 5 9 *10 11)
[    2.791194] ACPI: PCI Interrupt Link [LNKD] (IRQs 5 *9 10 11)
[    2.808685] ACPI: Enabled 2 GPEs in block 00 to 07
[    2.847240] vgaarb: setting as boot device: PCI:0000:00:02.0
[    2.854779] vgaarb: device added: PCI:0000:00:02.0,decodes=io+mem,owns=io+mem,locks=none
[    2.875785] vgaarb: loaded
[    2.887330] vgaarb: bridge control possible 0000:00:02.0
[    2.895501] SCSI subsystem initialized
[    2.902929] ACPI: bus type USB registered
[    2.916536] usbcore: registered new interface driver usbfs
[    2.924420] usbcore: registered new interface driver hub
[    2.932261] usbcore: registered new device driver usb
[    2.943227] PCI: Using ACPI for IRQ routing
[    2.963209] NetLabel: Initializing
[    2.968815] NetLabel:  domain hash size = 128
[    2.974255] NetLabel:  protocols = UNLABELED CIPSOv4
[    3.006048] NetLabel:  unlabeled traffic allowed by default
[    3.020250] amd_nb: Cannot enumerate AMD northbridges
[    3.026338] clocksource: Switched to clocksource kvm-clock
[    3.043707] AppArmor: AppArmor Filesystem Enabled
[    3.049363] pnp: PnP ACPI init
[    3.061342] pnp: PnP ACPI: found 3 devices
[    3.072674] clocksource: acpi_pm: mask: 0xffffff max_cycles: 0xffffff, max_idle_ns: 2085701024 ns
[    3.082809] NET: Registered protocol family 2
[    3.090636] TCP established hash table entries: 4096 (order: 3, 32768 bytes)
[    3.100720] TCP bind hash table entries: 4096 (order: 4, 65536 bytes)
[    3.108481] TCP: Hash tables configured (established 4096 bind 4096)
[    3.115455] UDP hash table entries: 256 (order: 1, 8192 bytes)
[    3.136720] UDP-Lite hash table entries: 256 (order: 1, 8192 bytes)
[    3.144204] NET: Registered protocol family 1
[    3.150183] pci 0000:00:00.0: Limiting direct PCI/PCI transfers
[    3.170180] pci 0000:00:01.0: Activating ISA DMA hang workarounds
[    3.178234] Unpacking initramfs...
[    3.386255] Freeing initrd memory: 14876K
[    3.407651] clocksource: tsc: mask: 0xffffffffffffffff max_cycles: 0x6a8d5f7f782, max_idle_ns: 881591167036 ns
[    3.429680] platform rtc_cmos: registered platform RTC device (no PNP device found)
[    3.438267] Scanning for low memory corruption every 60 seconds
[    3.450336] audit: initializing netlink subsys (disabled)
[    3.467421] audit: type=2000 audit(1586781534.847:1): initialized
[    3.473841] Initialise system trusted keyring
[    3.488625] HugeTLB registered 2 MB page size, pre-allocated 0 pages
[    3.495977] zbud: loaded
[    3.499821] VFS: Disk quotas dquot_6.6.0
[    3.506560] VFS: Dquot-cache hash table entries: 512 (order 0, 4096 bytes)
[    3.516738] squashfs: version 4.0 (2009/01/31) Phillip Lougher
[    3.523554] fuse init (API version 7.23)
[    3.528133] Key type big_key registered
[    3.532576] Allocating IMA MOK and blacklist keyrings.
[    3.542662] Key type asymmetric registered
[    3.555873] Asymmetric key parser 'x509' registered
[    3.561403] Block layer SCSI generic (bsg) driver version 0.4 loaded (major 249)
[    3.570231] io scheduler noop registered
[    3.574960] io scheduler deadline registered (default)
[    3.580726] io scheduler cfq registered
[    3.585464] pci_hotplug: PCI Hot Plug PCI Core version: 0.5
[    3.615708] pciehp: PCI Express Hot Plug Controller Driver version: 0.4
[    3.625051] ACPI: AC Adapter [AC] (on-line)
[    3.629917] input: Power Button as /devices/LNXSYSTM:00/LNXPWRBN:00/input/input0
[    3.638424] ACPI: Power Button [PWRF]
[    3.643278] input: Sleep Button as /devices/LNXSYSTM:00/LNXSLPBN:00/input/input1
[    3.651623] ACPI: Sleep Button [SLPF]
[    3.656924] GHES: HEST is not enabled!
[    3.661862] Serial: 8250/16550 driver, 32 ports, IRQ sharing enabled
[    3.716510] 00:02: ttyS0 at I/O 0x3f8 (irq = 4, base_baud = 115200) is a 16550A
[    3.727185] Linux agpgart interface v0.103
[    3.742188] loop: module loaded
[    3.750459] scsi host0: ata_piix
[    3.755380] scsi host1: ata_piix
[    3.805295] ata1: PATA max UDMA/33 cmd 0x1f0 ctl 0x3f6 bmdma 0xd000 irq 14
[    3.824168] ata2: PATA max UDMA/33 cmd 0x170 ctl 0x376 bmdma 0xd008 irq 15
[    3.859718] libphy: Fixed MDIO Bus: probed
[    3.871267] tun: Universal TUN/TAP device driver, 1.6
[    3.883440] tun: (C) 1999-2004 Max Krasnyansky <maxk@qualcomm.com>
[    3.896955] PPP generic driver version 2.4.2
[    3.903184] ehci_hcd: USB 2.0 'Enhanced' Host Controller (EHCI) Driver
[    3.911615] ehci-pci: EHCI PCI platform driver
[    3.919418] ehci-platform: EHCI generic platform driver
[    3.926449] ohci_hcd: USB 1.1 'Open' Host Controller (OHCI) Driver
[    3.938103] ohci-pci: OHCI PCI platform driver
[    3.970647] ohci-platform: OHCI generic platform driver
[    3.986684] uhci_hcd: USB Universal Host Controller Interface driver
[    4.022017] i8042: PNP: PS/2 Controller [PNP0303:PS2K,PNP0f03:PS2M] at 0x60,0x64 irq 1,12
[    4.033571] serio: i8042 KBD port at 0x60,0x64 irq 1
[    4.057147] serio: i8042 AUX port at 0x60,0x64 irq 12
[    4.088034] mousedev: PS/2 mouse device common for all mice
[    4.099302] rtc_cmos rtc_cmos: rtc core: registered rtc_cmos as rtc0
[    4.107018] rtc_cmos rtc_cmos: alarms up to one day, 114 bytes nvram
[    4.123727] input: AT Translated Set 2 keyboard as /devices/platform/i8042/serio0/input/input2
[    4.133609] i2c /dev entries driver
[    4.148235] device-mapper: uevent: version 1.0.3
[    4.155822] device-mapper: ioctl: 4.34.0-ioctl (2015-10-28) initialised: dm-devel@redhat.com
[    4.175758] ledtrig-cpu: registered to indicate activity on CPUs
[    4.185811] NET: Registered protocol family 10
[    4.193317] NET: Registered protocol family 17
[    4.200120] Key type dns_resolver registered
[    4.208741] registered taskstats version 1
[    4.215173] Loading compiled-in X.509 certificates
[    4.223065] Loaded X.509 cert 'Build time autogenerated kernel key: a048edf52b07f04005c7780de0f875c713550332'
[    4.286018] zswap: loaded using pool lzo/zbud
[    4.293986] Key type trusted registered
[    4.304273] Key type encrypted registered
[    4.309229] AppArmor: AppArmor sha1 policy hashing enabled
[    4.315430] ima: No TPM chip found, activating TPM-bypass!
[    4.321510] ima: Allocated hash algorithm: sha1
[    4.326861] evm: HMAC attrs: 0x1
[    4.332555]   Magic number: 0:816:632
[    4.337490] rtc_cmos rtc_cmos: setting system clock to 2020-04-13 12:38:49 UTC (1586781529)
[    4.348717] BIOS EDD facility v0.16 2004-Jun-25, 0 devices found
[    4.357451] EDD information not available.
[    4.367824] Freeing unused kernel memory: 1488K
[    4.415983] Write protecting the kernel read-only data: 14336k
[    4.424831] Freeing unused kernel memory: 1604K
[    4.432745] Freeing unused kernel memory: 60K
Loading, please wait...
starting version 229
[    4.464082] random: udevadm: uninitialized urandom read (16 bytes read, 5 bits of entropy available)
[    4.465409] random: systemd-udevd: uninitialized urandom read (16 bytes read, 5 bits of entropy available)
[    4.465519] random: systemd-udevd: uninitialized urandom read (16 bytes read, 5 bits of entropy available)
[    4.465531] random: systemd-udevd: uninitialized urandom read (16 bytes read, 5 bits of entropy available)
[    4.465560] random: systemd-udevd: uninitialized urandom read (16 bytes read, 5 bits of entropy available)
[    4.534434] random: udevadm: uninitialized urandom read (16 bytes read, 5 bits of entropy available)
[    4.557998] random: systemd-udevd: uninitialized urandom read (16 bytes read, 5 bits of entropy available)
[    4.560413] random: udevadm: uninitialized urandom read (16 bytes read, 5 bits of entropy available)
[    4.560448] random: udevadm: uninitialized urandom read (16 bytes read, 5 bits of entropy available)
[    4.560560] random: udevadm: uninitialized urandom read (16 bytes read, 5 bits of entropy available)
[    4.662536] e1000: Intel(R) PRO/1000 Network Driver - version 7.3.21-k8-NAPI
[    4.714850] e1000: Copyright (c) 1999-2006 Intel Corporation.
[    4.730443] Fusion MPT base driver 3.04.20
[    4.749149] Copyright (c) 1999-2008 LSI Corporation
[    4.770217] AVX version of gcm_enc/dec engaged.
[    4.778371] AES CTR mode by8 optimization enabled
[    4.811858] Fusion MPT SPI Host driver 3.04.20
[    4.991033] input: ImExPS/2 Generic Explorer Mouse as /devices/platform/i8042/serio1/input/input4
[    5.485280] e1000 0000:00:03.0 eth0: (PCI:33MHz:32-bit) 02:ba:b8:ca:39:a3
[    5.498305] e1000 0000:00:03.0 eth0: Intel(R) PRO/1000 Network Connection
[    6.290018] e1000 0000:00:08.0 eth1: (PCI:33MHz:32-bit) 08:00:27:87:e4:6d
[    6.299103] e1000 0000:00:08.0 eth1: Intel(R) PRO/1000 Network Connection
[    6.311918] e1000 0000:00:03.0 enp0s3: renamed from eth0
[    6.321631] mptbase: ioc0: Initiating bringup
[    6.337784] e1000 0000:00:08.0 enp0s8: renamed from eth1
[    6.405037] ioc0: LSI53C1030 A0: Capabilities={Initiator}
[    6.588721] scsi host2: ioc0: LSI53C1030 A0, FwRev=00000000h, Ports=1, MaxQ=256, IRQ=20
[    6.719623] scsi 2:0:0:0: Direct-Access     VBOX     HARDDISK         1.0  PQ: 0 ANSI: 5
[    6.736530] scsi target2:0:0: Beginning Domain Validation
[    6.746832] scsi target2:0:0: Domain Validation skipping write tests
[    6.756509] scsi target2:0:0: Ending Domain Validation
[    6.764174] scsi target2:0:0: asynchronous
[    6.782571] scsi 2:0:1:0: Direct-Access     VBOX     HARDDISK         1.0  PQ: 0 ANSI: 5
[    6.800875] scsi target2:0:1: Beginning Domain Validation
[    6.812445] scsi target2:0:1: Domain Validation skipping write tests
[    6.836440] scsi target2:0:1: Ending Domain Validation
[    6.844548] scsi target2:0:1: asynchronous
[    6.883677] sd 2:0:0:0: [sda] 20971520 512-byte logical blocks: (10.7 GB/10.0 GiB)
[    6.902858] sd 2:0:0:0: Attached scsi generic sg0 type 0
[    6.913190] sd 2:0:0:0: [sda] Write Protect is off
[    6.922332] sd 2:0:1:0: Attached scsi generic sg1 type 0
[    6.929914] sd 2:0:0:0: [sda] Incomplete mode parameter data
[    6.938114] sd 2:0:0:0: [sda] Assuming drive cache: write through
[    6.948172] sd 2:0:1:0: [sdb] 20480 512-byte logical blocks: (10.5 MB/10.0 MiB)
[    6.981894] sd 2:0:1:0: [sdb] Write Protect is off
[    6.987192]  sda: sda1
[    6.992688] sd 2:0:0:0: [sda] Attached SCSI disk
[    7.006142] sd 2:0:1:0: [sdb] Incomplete mode parameter data
[    7.012756] sd 2:0:1:0: [sdb] Assuming drive cache: write through
[    7.037030] sd 2:0:1:0: [sdb] Attached SCSI disk
Begin: Loading essential drivers ... [    9.520594] md: linear personality registered for level -1
[    9.542002] md: multipath personality registered for level -4
[    9.554517] md: raid0 personality registered for level 0
[    9.581155] md: raid1 personality registered for level 1
[    9.660845] raid6: sse2x1   gen() 11126 MB/s
[    9.735097] raid6: sse2x1   xor()  6926 MB/s
[    9.806412] raid6: sse2x2   gen() 11896 MB/s
[    9.883464] raid6: sse2x2   xor()  9883 MB/s
[    9.967168] raid6: sse2x4   gen() 14287 MB/s
[   10.043478] raid6: sse2x4   xor() 10592 MB/s
[   10.067314] raid6: using algorithm sse2x4 gen() 14287 MB/s
[   10.075254] raid6: .... xor() 10592 MB/s, rmw enabled
[   10.082512] raid6: using ssse3x2 recovery algorithm
[   10.091520] xor: automatically using best checksumming function:
[   10.138452]    avx       : 25007.000 MB/sec
[   10.147723] async_tx: api initialized (async)
[   10.187628] md: raid6 personality registered for level 6
[   10.195345] md: raid5 personality registered for level 5
[   10.203183] md: raid4 personality registered for level 4
[   10.232768] md: raid10 personality registered for level 10
done.
Begin: Running /scripts/init-premount ... done.
Begin: Mounting root file system ... Begin: Running /scripts/local-top ... done.
Begin: Running /scripts/local-premount ... [   10.308299] Btrfs loaded
Scanning for Btrfs filesystems
done.
Warning: fsck not present, so sk[   10.357268] EXT4-fs (sda1): INFO: recovery required on readonly filesystem
ipping root file system
[   10.413472] EXT4-fs (sda1): write access will be enabled during recovery
[   10.665686] EXT4-fs (sda1): recovery complete
[   10.671004] EXT4-fs (sda1): mounted filesystem with ordered data mode. Opts: (null)
done.
Begin: Running /scripts/local-bottom ... done.
Begin: Running /scripts/init-bottom ... done.
[   10.932412] systemd[1]: systemd 229 running in system mode. (+PAM +AUDIT +SELINUX +IMA +APPARMOR +SMACK +SYSVINIT +UTMP +LIBCRYPTSETUP +GCRYPT +GNUTLS +ACL +XZ -LZ4 +SECCOMP +BLKID +ELFUTILS +KMOD -IDN)
[   10.958968] systemd[1]: Detected virtualization oracle.
[   10.973952] systemd[1]: Detected architecture x86-64.

Welcome to [1mUbuntu 16.04.6 LTS[0m!

[   11.003976] systemd[1]: Set hostname to <appserver>.
[   11.260475] systemd[1]: Listening on Journal Audit Socket.
[[0;32m  OK  [0m] Listening on Journal Audit Socket.
[   11.277065] systemd[1]: Listening on Device-mapper event daemon FIFOs.
[[0;32m  OK  [0m] Listening on Device-mapper event daemon FIFOs.
[   11.293830] systemd[1]: Reached target Encrypted Volumes.
[[0;32m  OK  [0m] Reached target Encrypted Volumes.
[   11.307646] systemd[1]: Listening on Journal Socket (/dev/log).
[[0;32m  OK  [0m] Listening on Journal Socket (/dev/log).
[   11.333421] systemd[1]: Listening on Syslog Socket.
[[0;32m  OK  [0m] Listening on Syslog Socket.
[   11.346827] systemd[1]: Listening on udev Control Socket.
[[0;32m  OK  [0m] Listening on udev Control Socket.
[   11.360490] systemd[1]: Listening on /dev/initctl Compatibility Named Pipe.
[[0;32m  OK  [0m] Listening on /dev/initctl Compatibility Named Pipe.
[   11.380252] systemd[1]: Reached target Swap.
[[0;32m  OK  [0m] Reached target Swap.
[   11.398327] systemd[1]: Started Trigger resolvconf update for networkd DNS.
[[0;32m  OK  [0m] Started Trigger resolvconf update for networkd DNS.
[   11.420896] systemd[1]: Reached target System Time Synchronized.
[[0;32m  OK  [0m] Reached target System Time Synchronized.
[   11.448299] systemd[1]: Listening on udev Kernel Socket.
[[0;32m  OK  [0m] Listening on udev Kernel Socket.
[   11.466145] systemd[1]: Set up automount Arbitrary Executable File Formats File System Automount Point.
[[0;32m  OK  [0m] Set up automount Arbitrary Executab...ats File System Automount Point.
[   11.522551] systemd[1]: Created slice User and Session Slice.
[[0;32m  OK  [0m] Created slice User and Session Slice.
[   11.538536] systemd[1]: Listening on Journal Socket.
[[0;32m  OK  [0m] Listening on Journal Socket.
[   11.551044] systemd[1]: Reached target User and Group Name Lookups.
[[0;32m  OK  [0m] Reached target User and Group Name Lookups.
[   11.596628] systemd[1]: Listening on LVM2 poll daemon socket.
[[0;32m  OK  [0m] Listening on LVM2 poll daemon socket.
[   11.619165] systemd[1]: Created slice System Slice.
[[0;32m  OK  [0m] Created slice System Slice.
[   11.665168] systemd[1]: Starting Create list of required static device nodes for the current kernel...
[   11.668688] random: nonblocking pool is initialized
         Starting Create list of required st... nodes for the current kernel...
[   11.715597] systemd[1]: Starting Set console keymap...
         Starting Set console keymap...
[   11.731111] systemd[1]: Created slice system-serial\x2dgetty.slice.
[[0;32m  OK  [0m] Created slice system-serial\x2dgetty.slice.
[   11.753025] systemd[1]: Reached target Slices.
[[0;32m  OK  [0m] Reached target Slices.
[   11.786589] systemd[1]: Mounting POSIX Message Queue File System...
         Mounting POSIX Message Queue File System...
[   11.807747] systemd[1]: Starting Journal Service...
         Starting Journal Service...
[   11.832449] systemd[1]: Starting Load Kernel Modules...
         Starting Load Kernel Modules...
[   11.869559] Loading iSCSI transport class v2.0-870.
[   11.878702] systemd[1]: Mounting Huge Pages File System...
         Mounting Huge Pages File System...
[   11.994708] iscsi: registered transport (tcp)
[   11.999497] systemd[1]: Starting Nameserver information manager...
         Starting Nameserver information manager...
[   12.037925] systemd[1]: Starting Remount Root and Kernel File Systems...
         Starting Remount Root and Kernel[   12.073455] EXT4-fs (sda1): re-mounted. Opts: (null)
 File Systems...
[   12.114837] systemd[1]: Mounting Debug File System...
         Mounting Debug File System...
[   12.144825] systemd[1]: Starting Uncomplicated firewall...
         Starting Uncomplicated firewall...
[   12.163095] systemd[1]: Listening on LVM2 metadata daemon socket.
[   12.173515] iscsi: registered transport (iser)
[[0;32m  OK  [0m] Listening on LVM2 metadata daemon socket.
[   12.206897] systemd[1]: Starting Monitoring of LVM2 mirrors, snapshots etc. using dmeventd or progress polling...
         Starting Monitoring of LVM2 mirrors... dmeventd or progress polling...
[   12.239048] systemd[1]: Started Forward Password Requests to Wall Directory Watch.
[[0;32m  OK  [0m] Started Forward Password Requests to Wall Directory Watch.
[   12.296363] systemd[1]: Mounted Huge Pages File System.
[[0;32m  OK  [0m] Mounted Huge Pages File System.
[   12.313251] systemd[1]: Mounted Debug File System.
[[0;32m  OK  [0m] Mounted Debug File System.
[   12.326309] systemd[1]: Mounted POSIX Message Queue File System.
[[0;32m  OK  [0m] Mounted POSIX Message Queue File System.
[   12.411828] systemd[1]: Started Journal Service.
[[0;32m  OK  [0m] Started Journal Service.
[[0;32m  OK  [0m] Started Create list of required sta...ce nodes for the current kernel.
[[0;32m  OK  [0m] Started Set console keymap.
[[0;32m  OK  [0m] Started Load Kernel Modules.
[[0;32m  OK  [0m] Started Remount Root and Kernel File Systems.
[[0;32m  OK  [0m] Started Uncomplicated firewall.
[[0;32m  OK  [0m] Started Nameserver information manager.
[[0;32m  OK  [0m] Started LVM2 metadata daemon.
         Starting Load/Save Random Seed...
         Starting udev Coldplug all Devices...
         Starting Apply Kernel Variables...
         Mounting FUSE Control File System...
         Starting Create Static Device Nodes in /dev...
         Starting Flush Journal to Persistent Storage...
[[0;32m  OK  [0m] Mounted FUSE Control File System.
[[0;32m  OK  [0m] Started Load/Save Random Seed.
[[0;32m  OK  [0m] Started Apply Kernel Variables.
[[0;32m  OK  [0m] Started Create Static Device Nodes in /dev.
[[0;32m  OK  [0m] Started Monitoring of LVM2 mirrors,...ng dmeventd or progress polling.
[[0;32m  OK  [0m] Started udev Coldplug all Devices.
         Starting udev Kernel Device Manager...
[[0;32m  OK  [0m] Reached target Local File Systems (Pre).
[[0;32m  OK  [0m] Reached target Local File Systems.
         Starting Initial cloud-init job (pre-networking)...
         Starting LSB: AppArmor initialization...
         Starting Tell Plymouth To Write Out Runtime Data...
         Starting Set console font and keymap...
[[0;32m  OK  [0m] Started Flush Journal to Persistent Storage.
[[0;32m  OK  [0m] Started Tell Plymouth To Write Out Runtime Data.
         Starting Create Volatile Files and Directories...
[[0;32m  OK  [0m] Started udev Kernel Device Manager.
[[0;32m  OK  [0m] Started Dispatch Password Requests to Console Directory Watch.
[[0;32m  OK  [0m] Started Create Volatile Files and Directories.
         Starting Update UTMP about System Boot/Shutdown...
[[0;32m  OK  [0m] Started Update UTMP about System Boot/Shutdown.
[[0;32m  OK  [0m] Started LSB: AppArmor initialization.
[[0;32m  OK  [0m] Found device /dev/ttyS0.
[   12.271336] cloud-init[472]: Cloud-init v. 19.4-33-gbb4131a2-0ubuntu1~16.04.1 running 'init-local' at Mon, 13 Apr 2020 12:38:59 +0000. Up 11.98 seconds.
[[0;32m  OK  [0m] Started Initial cloud-init job (pre-networking).
[[0;32m  OK  [0m] Listening on Load/Save RF Kill Switch Status /dev/rfkill Watch.
[[0;32m  OK  [0m] Reached target Network (Pre).
[[0;32m  OK  [0m] Started ifup for enp0s8.
[[0;32m  OK  [0m] Started ifup for enp0s3.
         Starting Raise network interfaces...
[[0;32m  OK  [0m] Started Set console font and keymap.
[[0;32m  OK  [0m] Found device 82540EM Gigabit Ethern...r (PRO/1000 MT Desktop Adapter).
[[0;32m  OK  [0m] Found device 82540EM Gigabit Ethern...r (PRO/1000 MT Desktop Adapter).
[[0;32m  OK  [0m] Created slice system-getty.slice.
[[0;32m  OK  [0m] Started Raise network interfaces.
         Starting Initial cloud-init job (metadata service crawler)...
[[0;32m  OK  [0m] Reached target Network.
[   16.641284] cloud-init[1079]: Cloud-init v. 19.4-33-gbb4131a2-0ubuntu1~16.04.1 running 'init' at Mon, 13 Apr 2020 12:39:03 +0000. Up 16.22 seconds.
[   16.665825] cloud-init[1079]: ci-info: ++++++++++++++++++++++++++++++++++++++Net device info+++++++++++++++++++++++++++++++++++++++
[   16.679788] cloud-init[1079]: ci-info: +--------+------+-----------------------------+---------------+--------+-------------------+
[   16.692672] cloud-init[1079]: ci-info: | Device |  Up  |           Address           |      Mask     | Scope  |     Hw-Address    |
[   16.705724] cloud-init[1079]: ci-info: +--------+------+-----------------------------+---------------+--------+-------------------+
[   16.718346] cloud-init[1079]: ci-info: | enp0s3 | True |          10.0.2.15          | 255.255.255.0 | global | 02:ba:b8:ca:39:a3 |
[   16.730047] cloud-init[1079]: ci-info: | enp0s3 | True |  fe80::ba:b8ff:feca:39a3/64 |       .       |  link  | 02:ba:b8:ca:39:a3 |
[   16.742541] cloud-init[1079]: ci-info: | enp0s8 | True |         10.10.10.20         | 255.255.255.0 | global | 08:00:27:87:e4:6d |
[   16.759435] cloud-init[1079]: ci-info: | enp0s8 | True | fe80::a00:27ff:fe87:e46d/64 |       .       |  link  | 08:00:27:87:e4:6d |
[   16.780864] cloud-init[1079]: ci-info: |   lo   | True |          127.0.0.1          |   255.0.0.0   |  host  |         .         |
[   16.793521] cloud-init[1079]: ci-info: |   lo   | True |           ::1/128           |       .       |  host  |         .         |
[   16.804639] cloud-init[1079]: ci-info: +--------+------+-----------------------------+---------------+--------+-------------------+
[   16.822423] cloud-init[1079]: ci-info: +++++++++++++++++++++++++++Route IPv4 info++++++++++++++++++++++++++++
[   16.832522] cloud-init[1079]: ci-info: +-------+-------------+----------+---------------+-----------+-------+
[   16.845369] cloud-init[1079]: ci-info: | Route | Destination | Gateway  |    Genmask    | Interface | Flags |
[   16.847098] cloud-init[1079]: ci-info: +-------+-------------+----------+---------------+-----------+-------+
[   16.847954] cloud-init[1079]: ci-info: |   0   |   0.0.0.0   | 10.0.2.2 |    0.0.0.0    |   enp0s3  |   UG  |
[[0;32m  OK  [0m] Started Initial cloud-init job (metadata service crawler).
[   16.851893] cloud-init[1079]: ci-info: |   1   |   10.0.2.0  | 0.0.0.0  | 255.255.255.0 |   enp0s3  |   U   |
[[0;32m  OK  [0m] Reached target System Initialization.
[[   16.887852] cloud-init[1079]: ci-info: |   2   |  10.10.10.0 | 0.0.0.0  | 255.255.255.0 |   enp0s8  |   U   |
[   16.902283] cloud-init[1079]: ci-info: +-------+-------------+----------+---------------+-----------+-------+
[   16.910443] cloud-init[1079]: ci-info: +++++++++++++++++++Route IPv6 info+++++++++++++++++++
[   16.915207] cloud-init[1079]: ci-info: +-------+-------------+---------+-----------+-------+
[   16.915405] cloud-init[1079]: ci-info: | Route | Destination | Gateway | Interface | Flags |
[0;32m  OK  [0m] Started Daily Cleanup of Temporary Directories.
[[   16.915493] cloud-init[1079]: ci-info: +-------+-------------+---------+-----------+-------+
[0;32m  OK  [0m] Listening on ACPID Listen Socket.
[[   16.964305] cloud-init[1079]: ci-info: |   0   |  fe80::/64  |    ::   |   enp0s8  |   U   |
[   16.982619] cloud-init[1079]: ci-info: |   1   |  fe80::/64  |    ::   |   enp0s3  |   U   |
[   16.985399] cloud-init[1079]: ci-info: |   4   |   ff00::/8  |    ::   |   enp0s8  |   U   |
[   16.985430] cloud-init[1079]: ci-info: |   5   |   ff00::/8  |    ::   |   enp0s3  |   U   |
[0;32m  OK  [0m] Started Message of the Day.
[   16.985468] cloud-init[1079]: ci-info: +-------+-------------+---------+-----------+-------+
         Starting Socket activation for snappy daemon.
[[0;32m  OK  [0m] Started ACPI Events Check.
[[0;32m  OK  [0m] Reached target Paths.
[[0;32m  OK  [0m] Listening on UUID daemon activation socket.
[[0;32m  OK  [0m] Listening on D-Bus System Message Bus Socket.
[[0;32m  OK  [0m] Started Daily apt download activities.
[[0;32m  OK  [0m] Started Daily apt upgrade and clean activities.
[[0;32m  OK  [0m] Reached target Timers.
         Starting LXD - unix socket.
[[0;32m  OK  [0m] Reached target Network is Online.
         Starting iSCSI initiator daemon (iscsid)...
[[0;32m  OK  [0m] Reached target Cloud-config availability.
[[0;32m  OK  [0m] Listening on Socket activation for snappy daemon.
[[0;32m  OK  [0m] Listening on LXD - unix socket.
[[0;32m  OK  [0m] Reached target Sockets.
[[0;32m  OK  [0m] Reached target Basic System.
[[0;32m  OK  [0m] Started Deferred execution scheduler.
[[0;32m  OK  [0m] Started ACPI event daemon.
         Starting Virtualbox guest utils...
         Starting LXD - container startup/shutdown...
         Starting /etc/rc.local Compatibility...
[[0;32m  OK  [0m] Started FUSE filesystem for LXC.
         Starting Login Service...
[[0;32m  OK  [0m] Started D-Bus System Message Bus.
         Starting LSB: MD monitoring daemon...
[[0;32m  OK  [0m] Started Regular background program processing daemon.
         Starting OpenBSD Secure Shell server...
         Starting LSB: Record successful boot for GRUB...
         Starting System Logging Service...
         Starting Accounts Service...
         Starting Snappy daemon...
[[0;32m  OK  [0m] Started iSCSI initiator daemon (iscsid).
[[0;32m  OK  [0m] Started LXD - container startup/shutdown.
[[0;32m  OK  [0m] Started /etc/rc.local Compatibility.
[[0;32m  OK  [0m] Started Login Service.
[[0;32m  OK  [0m] Started Unattended Upgrades Shutdown.
         Starting Login to default iSCSI targets...
[[0;32m  OK  [0m] Started System Logging Service.
[[0;32m  OK  [0m] Started LSB: Record successful boot for GRUB.
[[0;32m  OK  [0m] Started LSB: MD monitoring daemon.
[[0;32m  OK  [0m] Started Login to default iSCSI targets.
[[0;32m  OK  [0m] Started OpenBSD Secure Shell server.
         Starting Authenticate and Authorize Users to Run Privileged Tasks...
[[0;32m  OK  [0m] Reached target Remote File Systems (Pre).
[[0;32m  OK  [0m] Reached target Remote File Systems.
         Starting LSB: automatic crash report generation...
         Starting LSB: Set the CPU Frequency Scaling governor to "ondemand"...
         Starting LSB: daemon to balance interrupts for SMP systems...
         Starting Permit User Sessions...
[[0;32m  OK  [0m] Started Virtualbox guest utils.
[[0;32m  OK  [0m] Started Permit User Sessions.
[[0;32m  OK  [0m] Started Authenticate and Authorize Users to Run Privileged Tasks.
[[0;32m  OK  [0m] Started Accounts Service.
         Starting Hold until boot process finishes up...
         Starting Terminate Plymouth Boot Screen...
[[0;32m  OK  [0m] Started Hold until boot process finishes up.
[[0;32m  OK  [0m] Started Terminate Plymouth Boot Screen.
[[0;32m  OK  [0m] Started Serial Getty on ttyS0.
[[0;32m  OK  [0m] Started Getty on tty1.
[[0;32m  OK  [0m] Reached target Login Prompts.
         Starting Set console scheme...
[[0;32m  OK  [0m] Started LSB: Set the CPU Frequency Scaling governor to "ondemand".
[[0;32m  OK  [0m] Started Set console scheme.
[[0;32m  OK  [0m] Started LSB: daemon to balance interrupts for SMP systems.
[[0;32m  OK  [0m] Started LSB: automatic crash report generation.
[[0;32m  OK  [0m] Started Snappy daemon.
         Starting Wait until snapd is fully seeded...
[[0;32m  OK  [0m] Started Wait until snapd is fully seeded.
         Starting Apply the settings specified in cloud-config...
[[0;32m  OK  [0m] Reached target Multi-User System.
[[0;32m  OK  [0m] Reached target Graphical Interface.
         Starting Update UTMP about System Runlevel Changes...
[[0;32m  OK  [0m] Started Update UTMP about System Runlevel Changes.
[   18.648811] cloud-init[1335]: Cloud-init v. 19.4-33-gbb4131a2-0ubuntu1~16.04.1 running 'modules:config' at Mon, 13 Apr 2020 12:39:05 +0000. Up 18.54 seconds.
[[0;32m  OK  [0m] Started Apply the settings specified in cloud-config.
         Starting Execute cloud user/final scripts...
[   19.105820] cloud-init[1348]: Cloud-init v. 19.4-33-gbb4131a2-0ubuntu1~16.04.1 running 'modules:final' at Mon, 13 Apr 2020 12:39:06 +0000. Up 19.00 seconds.
[   19.126583] cloud-init[1348]: Cloud-init v. 19.4-33-gbb4131a2-0ubuntu1~16.04.1 finished at Mon, 13 Apr 2020 12:39:06 +0000. Datasource DataSourceNoCloud [seed=/dev/sdb][dsmode=net].  Up 19.09 seconds
[[0;32m  OK  [0m] Started Execute cloud user/final scripts.
[[0;32m  OK  [0m] Reached target Cloud-init target.

Ubuntu 16.04.6 LTS appserver ttyS0

appserver login: 